09-10 17:39:57.828  8176  8199 I TestRunner: started: clicking_horizontal_list_button_displays_horizontal_list(com.example.dogglers.ButtonTests)
09-10 17:39:57.829   752  1880 W InputManager-JNI: Input channel object 'bef13de com.example.dogglers/androidx.test.core.app.InstrumentationActivityInvoker$EmptyActivity (client)' was disposed without first being removed with the input manager!
09-10 17:39:57.844  8176  8199 W Settings: Setting always_finish_activities has moved from android.provider.Settings.System to android.provider.Settings.Global, returning read-only value.
09-10 17:39:57.867   982  1038 D SplashScreenView: Build android.window.SplashScreenView{a39ac6f V.E...... ......ID 0,0-0,0}
09-10 17:39:57.867   982  1038 D SplashScreenView: Icon: view: null drawable: null size: 0
09-10 17:39:57.867   982  1038 D SplashScreenView: Branding: view: android.view.View{9f26d7c G.ED..... ......I. 0,0-0,0 #10204ef android:id/splashscreen_branding_view} drawable: null size w: 0 h: 0
09-10 17:39:57.886   608   608 I BpBinder: onLastStrongRef automatically unlinking death recipients:
09-10 17:39:57.900   982  1048 E OpenGLRenderer: Unable to match the desired swap behavior.
09-10 17:39:57.901  8176  8176 D LifecycleMonitor: Lifecycle status change: androidx.test.core.app.InstrumentationActivityInvoker$BootstrapActivity@92fa893 in: PRE_ON_CREATE
09-10 17:39:57.903  8176  8176 V ActivityScenario: Activity lifecycle changed event received but ignored because the intent does not match. startActivityIntent=Intent { act=android.intent.action.MAIN cat=[android.intent.category.LAUNCHER] cmp=com.example.dogglers/.MainActivity }, activity.getIntent()=Intent { act=android.intent.action.MAIN cat=[android.intent.category.LAUNCHER] flg=0x10008000 cmp=com.example.dogglers/androidx.test.core.app.InstrumentationActivityInvoker$BootstrapActivity (has extras) }, activity=androidx.test.core.app.InstrumentationActivityInvoker$BootstrapActivity@92fa893
09-10 17:39:57.921  8176  8176 D LifecycleMonitor: Lifecycle status change: androidx.test.core.app.InstrumentationActivityInvoker$BootstrapActivity@92fa893 in: CREATED
09-10 17:39:57.923  8176  8176 V ActivityScenario: Activity lifecycle changed event received but ignored because the intent does not match. startActivityIntent=Intent { act=android.intent.action.MAIN cat=[android.intent.category.LAUNCHER] cmp=com.example.dogglers/.MainActivity }, activity.getIntent()=Intent { act=android.intent.action.MAIN cat=[android.intent.category.LAUNCHER] flg=0x10008000 cmp=com.example.dogglers/androidx.test.core.app.InstrumentationActivityInvoker$BootstrapActivity (has extras) }, activity=androidx.test.core.app.InstrumentationActivityInvoker$BootstrapActivity@92fa893
09-10 17:39:57.927  8176  8176 D LifecycleMonitor: Lifecycle status change: androidx.test.core.app.InstrumentationActivityInvoker$BootstrapActivity@92fa893 in: STARTED
09-10 17:39:57.928  8176  8176 V ActivityScenario: Activity lifecycle changed event received but ignored because the intent does not match. startActivityIntent=Intent { act=android.intent.action.MAIN cat=[android.intent.category.LAUNCHER] cmp=com.example.dogglers/.MainActivity }, activity.getIntent()=Intent { act=android.intent.action.MAIN cat=[android.intent.category.LAUNCHER] flg=0x10008000 cmp=com.example.dogglers/androidx.test.core.app.InstrumentationActivityInvoker$BootstrapActivity (has extras) }, activity=androidx.test.core.app.InstrumentationActivityInvoker$BootstrapActivity@92fa893
09-10 17:39:57.948  8176  8176 D LifecycleMonitor: Lifecycle status change: androidx.test.core.app.InstrumentationActivityInvoker$BootstrapActivity@92fa893 in: RESUMED
09-10 17:39:57.949  8176  8176 V ActivityScenario: Activity lifecycle changed event received but ignored because the intent does not match. startActivityIntent=Intent { act=android.intent.action.MAIN cat=[android.intent.category.LAUNCHER] cmp=com.example.dogglers/.MainActivity }, activity.getIntent()=Intent { act=android.intent.action.MAIN cat=[android.intent.category.LAUNCHER] flg=0x10008000 cmp=com.example.dogglers/androidx.test.core.app.InstrumentationActivityInvoker$BootstrapActivity (has extras) }, activity=androidx.test.core.app.InstrumentationActivityInvoker$BootstrapActivity@92fa893
09-10 17:39:57.956  8176  8176 D LifecycleMonitor: Lifecycle status change: androidx.test.core.app.InstrumentationActivityInvoker$BootstrapActivity@92fa893 in: PAUSED
09-10 17:39:57.957  8176  8176 V ActivityScenario: Activity lifecycle changed event received but ignored because the intent does not match. startActivityIntent=Intent { act=android.intent.action.MAIN cat=[android.intent.category.LAUNCHER] cmp=com.example.dogglers/.MainActivity }, activity.getIntent()=Intent { act=android.intent.action.MAIN cat=[android.intent.category.LAUNCHER] flg=0x10008000 cmp=com.example.dogglers/androidx.test.core.app.InstrumentationActivityInvoker$BootstrapActivity (has extras) }, activity=androidx.test.core.app.InstrumentationActivityInvoker$BootstrapActivity@92fa893
09-10 17:39:57.981  1876  1876 I GsaVoiceInteractionSrv: Handling ACTION_STOP_HOTWORD
09-10 17:39:57.981   982  1048 D EGL_emulation: app_time_stats: avg=102.58ms min=9.77ms max=1001.19ms count=16
09-10 17:39:57.981  1876  2374 E HwDetectorWithState: a: 3
09-10 17:39:57.982  8176  8176 D LifecycleMonitor: Lifecycle status change: com.example.dogglers.MainActivity@855a801 in: PRE_ON_CREATE
09-10 17:39:57.984  8176  8176 V ActivityScenario: Activity lifecycle changed event received but ignored because the reported transition was not ON_CREATE while the last known transition was PRE_ON_CREATE
09-10 17:39:58.051  8176  8176 D LifecycleMonitor: Lifecycle status change: com.example.dogglers.MainActivity@855a801 in: CREATED
09-10 17:39:58.052  8176  8176 V ActivityScenario: Update currentActivityStage to CREATED, currentActivity=com.example.dogglers.MainActivity@855a801
09-10 17:39:58.057  8176  8176 D LifecycleMonitor: Lifecycle status change: com.example.dogglers.MainActivity@855a801 in: STARTED
09-10 17:39:58.058  8176  8176 V ActivityScenario: Update currentActivityStage to STARTED, currentActivity=com.example.dogglers.MainActivity@855a801
09-10 17:39:58.061  8176  8176 D LifecycleMonitor: Lifecycle status change: com.example.dogglers.MainActivity@855a801 in: RESUMED
09-10 17:39:58.062  8176  8176 V ActivityScenario: Update currentActivityStage to RESUMED, currentActivity=com.example.dogglers.MainActivity@855a801
09-10 17:39:58.066  8176  8199 W xample.dogglers: Accessing hidden method Landroid/view/ViewConfiguration;->getDoubleTapMinTime()I (unsupported, reflection, allowed)
09-10 17:39:58.098  8176  8202 E OpenGLRenderer: Unable to match the desired swap behavior.
09-10 17:39:58.125   752   777 W ziparchive: Unable to open '/data/app/~~pH530KhzmPC5tlq7BWvqMw==/com.example.dogglers-_nPrGVzbGHsrGOgGlIz0BQ==/base.dm': No such file or directory
09-10 17:39:58.129   752   777 I ActivityTaskManager: Displayed com.example.dogglers/.MainActivity for user 0: +270ms
09-10 17:39:58.134  8176  8176 D RootViewPicker: Root not ready - waiting: 10ms for one to appear.
09-10 17:39:58.145  8176  8176 D RootViewPicker: Root not ready - waiting: 25ms for one to appear.
09-10 17:39:58.177  8176  8176 D RootViewPicker: Root not ready - waiting: 50ms for one to appear.
09-10 17:39:58.229  8176  8176 D RootViewPicker: Root not ready - waiting: 100ms for one to appear.
09-10 17:39:58.253  8176  8176 D LifecycleMonitor: Lifecycle status change: androidx.test.core.app.InstrumentationActivityInvoker$BootstrapActivity@92fa893 in: STOPPED
09-10 17:39:58.254  8176  8176 V ActivityScenario: Activity lifecycle changed event received but ignored because the intent does not match. startActivityIntent=Intent { act=android.intent.action.MAIN cat=[android.intent.category.LAUNCHER] cmp=com.example.dogglers/.MainActivity }, activity.getIntent()=Intent { act=android.intent.action.MAIN cat=[android.intent.category.LAUNCHER] flg=0x10008000 cmp=com.example.dogglers/androidx.test.core.app.InstrumentationActivityInvoker$BootstrapActivity (has extras) }, activity=androidx.test.core.app.InstrumentationActivityInvoker$BootstrapActivity@92fa893
09-10 17:39:58.262   752  1880 I ImeTracker: com.example.dogglers:4b8649bd: onRequestHide at ORIGIN_SERVER_HIDE_INPUT reason HIDE_UNSPECIFIED_WINDOW
09-10 17:39:58.264   752  1880 I ImeTracker: com.example.dogglers:4b8649bd: onCancelled at PHASE_SERVER_SHOULD_HIDE
09-10 17:39:58.276  1670  1670 I GoogleInputMethodService: GoogleInputMethodService.onFinishInput():3227
09-10 17:39:58.277  1670  1670 I GoogleInputMethodService: GoogleInputMethodService.updateDeviceLockedStatus():2087 repeatCheckTimes = 0, unlocked = true
09-10 17:39:58.278  1670  1670 I GoogleInputMethodService: GoogleInputMethodService.onStartInput():1877 onStartInput(EditorInfo{inputType=0x0(NULL) imeOptions=0x0 privateImeOptions=null actionName=UNSPECIFIED actionLabel=null actionId=0 initialSelStart=-1 initialSelEnd=-1 initialCapsMode=0x0 hintText=null label=null packageName=com.example.dogglers fieldId=0 fieldName=null extras=null}, false)
09-10 17:39:58.279  1670  1670 I GoogleInputMethodService: GoogleInputMethodService.shouldHideHeaderOnInitialState():4008 ShouldHideHeaderOnInitialState = false
09-10 17:39:58.282  1670  1670 I GoogleInputMethodService: GoogleInputMethodService.updateDeviceLockedStatus():2087 repeatCheckTimes = 2, unlocked = true
09-10 17:39:58.285  1244  2266 D OneSearchSuggestProvider: Shut down the binder channel
09-10 17:39:58.288  1244 17666 I IPCThreadState: oneway function results for code 2 on binder at 0x7c328a9727e0 will be dropped but finished with status UNKNOWN_TRANSACTION
09-10 17:39:58.291  1244  1316 I ImeTracker: com.google.android.apps.nexuslauncher:19ba86d3: onRequestHide at ORIGIN_CLIENT_HIDE_SOFT_INPUT reason HIDE_SOFT_INPUT
09-10 17:39:58.296   752  2007 I ImeTracker: com.google.android.apps.nexuslauncher:19ba86d3: onCancelled at PHASE_SERVER_CLIENT_FOCUSED
09-10 17:39:58.336  8176  8176 I ViewInteraction: Performing 'single click' action on view view.getId() is <2131230943/com.example.dogglers:id/horizontal_btn>
09-10 17:39:58.342   752   856 D InputDispatcher: Conflicting pointer actions: Down received while already down or hovering.
09-10 17:39:58.344  1244  1244 D TaplEvents: TIS / TouchInteractionService.onInputEvent: MotionEvent { action=ACTION_CANCEL, actionButton=0, id[0]=0, x[0]=539.5, y[0]=1992.4785, toolType[0]=TOOL_TYPE_UNKNOWN, buttonState=0, classification=NONE, metaState=0, flags=0x20, edgeFlags=0x0, pointerCount=1, historySize=0, eventTime=156374028, downTime=156130237, deviceId=-1, source=0x1002, displayId=0, eventId=2057980303 }
09-10 17:39:58.344  1244  1244 D TaplEvents: TIS / TouchInteractionService.onInputEvent: MotionEvent { action=ACTION_DOWN, actionButton=0, id[0]=0, x[0]=539.5, y[0]=1186.5, toolType[0]=TOOL_TYPE_UNKNOWN, buttonState=BUTTON_PRIMARY, classification=NONE, metaState=0, flags=0x0, edgeFlags=0x0, pointerCount=1, historySize=0, eventTime=156374023, downTime=156374023, deviceId=-1, source=0x1002, displayId=0, eventId=-781837501 }
09-10 17:39:58.475  1244  1244 D TaplEvents: TIS / TouchInteractionService.onInputEvent: MotionEvent { action=ACTION_UP, actionButton=0, id[0]=0, x[0]=539.5, y[0]=1186.5, toolType[0]=TOOL_TYPE_FINGER, buttonState=BUTTON_PRIMARY, classification=NONE, metaState=0, flags=0x0, edgeFlags=0x0, pointerCount=1, historySize=0, eventTime=156374158, downTime=156374023, deviceId=-1, source=0x1002, displayId=0, eventId=-409580780 }
09-10 17:39:58.480   604  2994 D audioserver: FGS Logger Transaction failed
09-10 17:39:58.481   604  2994 D audioserver: -129
09-10 17:39:58.488   604   711 D AudioFlinger: mixer(0x7f53c9b58930) throttle end: throttle time(40)
09-10 17:39:58.550  8176  8176 D LifecycleMonitor: Lifecycle status change: com.example.dogglers.MainActivity@855a801 in: PAUSED
09-10 17:39:58.550  8176  8176 V ActivityScenario: Update currentActivityStage to PAUSED, currentActivity=com.example.dogglers.MainActivity@855a801
09-10 17:39:58.562   982  1048 D EGL_emulation: app_time_stats: avg=17.03ms min=1.49ms max=87.10ms count=45
09-10 17:39:58.570   608   608 I BpBinder: onLastStrongRef automatically unlinking death recipients:
09-10 17:39:58.593  8176  8176 D LifecycleMonitor: Lifecycle status change: com.example.dogglers.HorizontalListActivity@1445c38 in: PRE_ON_CREATE
09-10 17:39:58.593   982  1037 W WindowOnBackDispatcher: sendCancelIfRunning: isInProgress=falsecallback=android.view.ViewRootImpl$$ExternalSyntheticLambda17@cb0be26
09-10 17:39:58.594   752  2428 W InputManager-JNI: Input channel object '8c3d96d Splash Screen com.example.dogglers (client)' was disposed without first being removed with the input manager!
09-10 17:39:58.595  8176  8176 V ActivityScenario: Activity lifecycle changed event received but ignored because the intent does not match. startActivityIntent=Intent { act=android.intent.action.MAIN cat=[android.intent.category.LAUNCHER] cmp=com.example.dogglers/.MainActivity }, activity.getIntent()=Intent { cmp=com.example.dogglers/.HorizontalListActivity }, activity=com.example.dogglers.HorizontalListActivity@1445c38
09-10 17:39:58.609   604   711 D audioserver: FGS Logger Transaction failed
09-10 17:39:58.610   604   711 D audioserver: -129
09-10 17:39:58.658  8176  8176 D LifecycleMonitor: Lifecycle status change: com.example.dogglers.HorizontalListActivity@1445c38 in: CREATED
09-10 17:39:58.659  8176  8176 V ActivityScenario: Activity lifecycle changed event received but ignored because the intent does not match. startActivityIntent=Intent { act=android.intent.action.MAIN cat=[android.intent.category.LAUNCHER] cmp=com.example.dogglers/.MainActivity }, activity.getIntent()=Intent { cmp=com.example.dogglers/.HorizontalListActivity }, activity=com.example.dogglers.HorizontalListActivity@1445c38
09-10 17:39:58.662  8176  8176 D LifecycleMonitor: Lifecycle status change: com.example.dogglers.HorizontalListActivity@1445c38 in: STARTED
09-10 17:39:58.663  8176  8176 V ActivityScenario: Activity lifecycle changed event received but ignored because the intent does not match. startActivityIntent=Intent { act=android.intent.action.MAIN cat=[android.intent.category.LAUNCHER] cmp=com.example.dogglers/.MainActivity }, activity.getIntent()=Intent { cmp=com.example.dogglers/.HorizontalListActivity }, activity=com.example.dogglers.HorizontalListActivity@1445c38
09-10 17:39:58.666  8176  8176 D LifecycleMonitor: Lifecycle status change: com.example.dogglers.HorizontalListActivity@1445c38 in: RESUMED
09-10 17:39:58.667  8176  8176 V ActivityScenario: Activity lifecycle changed event received but ignored because the intent does not match. startActivityIntent=Intent { act=android.intent.action.MAIN cat=[android.intent.category.LAUNCHER] cmp=com.example.dogglers/.MainActivity }, activity.getIntent()=Intent { cmp=com.example.dogglers/.HorizontalListActivity }, activity=com.example.dogglers.HorizontalListActivity@1445c38
09-10 17:39:58.749  8176  8202 E OpenGLRenderer: Unable to match the desired swap behavior.
09-10 17:39:58.856   752   777 I ActivityTaskManager: Displayed com.example.dogglers/.HorizontalListActivity for user 0: +363ms
09-10 17:39:59.148  8176  8202 D EGL_emulation: app_time_stats: avg=16.57ms min=1.41ms max=88.56ms count=41
09-10 17:39:59.244   752  1880 I ImeTracker: com.example.dogglers:bd47e79: onRequestHide at ORIGIN_SERVER_HIDE_INPUT reason HIDE_UNSPECIFIED_WINDOW
09-10 17:39:59.245   752  1880 I ImeTracker: com.example.dogglers:bd47e79: onCancelled at PHASE_SERVER_SHOULD_HIDE
09-10 17:39:59.251  1670  1670 I GoogleInputMethodService: GoogleInputMethodService.onFinishInput():3227
09-10 17:39:59.258  1670  1670 I GoogleInputMethodService: GoogleInputMethodService.updateDeviceLockedStatus():2087 repeatCheckTimes = 0, unlocked = true
09-10 17:39:59.261  1670  1670 I GoogleInputMethodService: GoogleInputMethodService.onStartInput():1877 onStartInput(EditorInfo{inputType=0x0(NULL) imeOptions=0x0 privateImeOptions=null actionName=UNSPECIFIED actionLabel=null actionId=0 initialSelStart=-1 initialSelEnd=-1 initialCapsMode=0x0 hintText=null label=null packageName=com.example.dogglers fieldId=0 fieldName=null extras=null}, false)
09-10 17:39:59.265  1670  1670 I GoogleInputMethodService: GoogleInputMethodService.shouldHideHeaderOnInitialState():4008 ShouldHideHeaderOnInitialState = false
09-10 17:39:59.285  1670  1670 I GoogleInputMethodService: GoogleInputMethodService.updateDeviceLockedStatus():2087 repeatCheckTimes = 2, unlocked = true
09-10 17:39:59.408  8176  8176 I ViewInteraction: Checking 'MatchesViewAssertion{viewMatcher=(view has effective visibility <VISIBLE> and view.getGlobalVisibleRect() to return non-empty rectangle)}' assertion on view view.getId() is <2131230945/com.example.dogglers:id/horizontal_recycler_view>
09-10 17:39:59.457  8176  8176 D LifecycleMonitor: Lifecycle status change: com.example.dogglers.HorizontalListActivity@1445c38 in: PAUSED
09-10 17:39:59.460  8176  8176 V ActivityScenario: Activity lifecycle changed event received but ignored because the intent does not match. startActivityIntent=Intent { act=android.intent.action.MAIN cat=[android.intent.category.LAUNCHER] cmp=com.example.dogglers/.MainActivity }, activity.getIntent()=Intent { cmp=com.example.dogglers/.HorizontalListActivity }, activity=com.example.dogglers.HorizontalListActivity@1445c38
09-10 17:39:59.512  8176  8176 D LifecycleMonitor: Lifecycle status change: androidx.test.core.app.InstrumentationActivityInvoker$EmptyActivity@743f737 in: PRE_ON_CREATE
09-10 17:39:59.516  8176  8176 V ActivityScenario: Activity lifecycle changed event received but ignored because the intent does not match. startActivityIntent=Intent { act=android.intent.action.MAIN cat=[android.intent.category.LAUNCHER] cmp=com.example.dogglers/.MainActivity }, activity.getIntent()=Intent { act=android.intent.action.MAIN cat=[android.intent.category.LAUNCHER] flg=0x10000000 cmp=com.example.dogglers/androidx.test.core.app.InstrumentationActivityInvoker$EmptyActivity }, activity=androidx.test.core.app.InstrumentationActivityInvoker$EmptyActivity@743f737
09-10 17:39:59.549  8176  8176 D LifecycleMonitor: Lifecycle status change: androidx.test.core.app.InstrumentationActivityInvoker$EmptyActivity@743f737 in: CREATED
09-10 17:39:59.554  8176  8176 V ActivityScenario: Activity lifecycle changed event received but ignored because the intent does not match. startActivityIntent=Intent { act=android.intent.action.MAIN cat=[android.intent.category.LAUNCHER] cmp=com.example.dogglers/.MainActivity }, activity.getIntent()=Intent { act=android.intent.action.MAIN cat=[android.intent.category.LAUNCHER] flg=0x10000000 cmp=com.example.dogglers/androidx.test.core.app.InstrumentationActivityInvoker$EmptyActivity }, activity=androidx.test.core.app.InstrumentationActivityInvoker$EmptyActivity@743f737
09-10 17:39:59.564  8176  8176 D LifecycleMonitor: Lifecycle status change: androidx.test.core.app.InstrumentationActivityInvoker$EmptyActivity@743f737 in: STARTED
09-10 17:39:59.568  8176  8176 V ActivityScenario: Activity lifecycle changed event received but ignored because the intent does not match. startActivityIntent=Intent { act=android.intent.action.MAIN cat=[android.intent.category.LAUNCHER] cmp=com.example.dogglers/.MainActivity }, activity.getIntent()=Intent { act=android.intent.action.MAIN cat=[android.intent.category.LAUNCHER] flg=0x10000000 cmp=com.example.dogglers/androidx.test.core.app.InstrumentationActivityInvoker$EmptyActivity }, activity=androidx.test.core.app.InstrumentationActivityInvoker$EmptyActivity@743f737
09-10 17:39:59.579  8176  8176 D LifecycleMonitor: Lifecycle status change: androidx.test.core.app.InstrumentationActivityInvoker$EmptyActivity@743f737 in: RESUMED
09-10 17:39:59.583  8176  8176 V ActivityScenario: Activity lifecycle changed event received but ignored because the intent does not match. startActivityIntent=Intent { act=android.intent.action.MAIN cat=[android.intent.category.LAUNCHER] cmp=com.example.dogglers/.MainActivity }, activity.getIntent()=Intent { act=android.intent.action.MAIN cat=[android.intent.category.LAUNCHER] flg=0x10000000 cmp=com.example.dogglers/androidx.test.core.app.InstrumentationActivityInvoker$EmptyActivity }, activity=androidx.test.core.app.InstrumentationActivityInvoker$EmptyActivity@743f737
09-10 17:39:59.658  8176  8202 E OpenGLRenderer: Unable to match the desired swap behavior.
09-10 17:39:59.688   752   777 I ActivityTaskManager: Displayed com.example.dogglers/androidx.test.core.app.InstrumentationActivityInvoker$EmptyActivity for user 0: +256ms
09-10 17:39:59.754  8176  8176 D LifecycleMonitor: Lifecycle status change: com.example.dogglers.MainActivity@855a801 in: STOPPED
09-10 17:39:59.757  8176  8176 V ActivityScenario: Update currentActivityStage to STOPPED, currentActivity=com.example.dogglers.MainActivity@855a801
09-10 17:39:59.764  8176  8176 D LifecycleMonitor: Lifecycle status change: com.example.dogglers.MainActivity@855a801 in: DESTROYED
09-10 17:39:59.766  8176  8176 V ActivityScenario: Update currentActivityStage to DESTROYED, currentActivity=null
09-10 17:39:59.770   608   608 I BpBinder: onLastStrongRef automatically unlinking death recipients:
09-10 17:39:59.771  8176  8176 W WindowOnBackDispatcher: sendCancelIfRunning: isInProgress=falsecallback=android.view.ViewRootImpl$$ExternalSyntheticLambda17@f93e19f
09-10 17:39:59.784   752  1090 W InputManager-JNI: Input channel object 'cf8429b com.example.dogglers/com.example.dogglers.MainActivity (client)' was disposed without first being removed with the input manager!
09-10 17:39:59.799  8176  8176 D LifecycleMonitor: Lifecycle status change: com.example.dogglers.HorizontalListActivity@1445c38 in: STOPPED
09-10 17:39:59.803  8176  8176 V ActivityScenario: Activity lifecycle changed event received but ignored because the intent does not match. startActivityIntent=Intent { act=android.intent.action.MAIN cat=[android.intent.category.LAUNCHER] cmp=com.example.dogglers/.MainActivity }, activity.getIntent()=Intent { cmp=com.example.dogglers/.HorizontalListActivity }, activity=com.example.dogglers.HorizontalListActivity@1445c38
09-10 17:39:59.815  8176  8176 D LifecycleMonitor: Lifecycle status change: androidx.test.core.app.InstrumentationActivityInvoker$EmptyActivity@743f737 in: PAUSED
09-10 17:39:59.818  8176  8176 V ActivityScenario: Activity lifecycle changed event received but ignored because the intent does not match. startActivityIntent=Intent { act=android.intent.action.MAIN cat=[android.intent.category.LAUNCHER] cmp=com.example.dogglers/.MainActivity }, activity.getIntent()=Intent { act=android.intent.action.MAIN cat=[android.intent.category.LAUNCHER] flg=0x10000000 cmp=com.example.dogglers/androidx.test.core.app.InstrumentationActivityInvoker$EmptyActivity }, activity=androidx.test.core.app.InstrumentationActivityInvoker$EmptyActivity@743f737
09-10 17:39:59.860   752  1090 I ImeTracker: com.example.dogglers:f5586074: onRequestHide at ORIGIN_SERVER_HIDE_INPUT reason HIDE_UNSPECIFIED_WINDOW
09-10 17:39:59.860   752  1090 I ImeTracker: com.example.dogglers:f5586074: onCancelled at PHASE_SERVER_SHOULD_HIDE
09-10 17:39:59.866  1670  1670 I GoogleInputMethodService: GoogleInputMethodService.onFinishInput():3227
09-10 17:39:59.872  1670  1670 I GoogleInputMethodService: GoogleInputMethodService.updateDeviceLockedStatus():2087 repeatCheckTimes = 0, unlocked = true
09-10 17:39:59.873  1670  1670 I GoogleInputMethodService: GoogleInputMethodService.onStartInput():1877 onStartInput(EditorInfo{inputType=0x0(NULL) imeOptions=0x0 privateImeOptions=null actionName=UNSPECIFIED actionLabel=null actionId=0 initialSelStart=-1 initialSelEnd=-1 initialCapsMode=0x0 hintText=null label=null packageName=com.example.dogglers fieldId=0 fieldName=null extras=null}, false)
09-10 17:39:59.874  8176  8176 D LifecycleMonitor: Lifecycle status change: androidx.test.core.app.InstrumentationActivityInvoker$BootstrapActivity@92fa893 in: DESTROYED
09-10 17:39:59.874  1670  1670 I GoogleInputMethodService: GoogleInputMethodService.shouldHideHeaderOnInitialState():4008 ShouldHideHeaderOnInitialState = false
09-10 17:39:59.880  8176  8176 V ActivityScenario: Activity lifecycle changed event received but ignored because the intent does not match. startActivityIntent=Intent { act=android.intent.action.MAIN cat=[android.intent.category.LAUNCHER] cmp=com.example.dogglers/.MainActivity }, activity.getIntent()=Intent { act=android.intent.action.MAIN cat=[android.intent.category.LAUNCHER] flg=0x10008000 cmp=com.example.dogglers/androidx.test.core.app.InstrumentationActivityInvoker$BootstrapActivity (has extras) }, activity=androidx.test.core.app.InstrumentationActivityInvoker$BootstrapActivity@92fa893
09-10 17:39:59.882  1670  1670 I GoogleInputMethodService: GoogleInputMethodService.updateDeviceLockedStatus():2087 repeatCheckTimes = 2, unlocked = true
09-10 17:39:59.913  8176  8176 D LifecycleMonitor: Lifecycle status change: androidx.test.core.app.InstrumentationActivityInvoker$EmptyActivity@3d894be in: PRE_ON_CREATE
09-10 17:39:59.917  8176  8176 V ActivityScenario: Activity lifecycle changed event received but ignored because the intent does not match. startActivityIntent=Intent { act=android.intent.action.MAIN cat=[android.intent.category.LAUNCHER] cmp=com.example.dogglers/.MainActivity }, activity.getIntent()=Intent { act=android.intent.action.MAIN cat=[android.intent.category.LAUNCHER] flg=0x10000000 cmp=com.example.dogglers/androidx.test.core.app.InstrumentationActivityInvoker$EmptyActivity }, activity=androidx.test.core.app.InstrumentationActivityInvoker$EmptyActivity@3d894be
09-10 17:39:59.938  8176  8176 D LifecycleMonitor: Lifecycle status change: androidx.test.core.app.InstrumentationActivityInvoker$EmptyActivity@3d894be in: CREATED
09-10 17:39:59.942  8176  8176 V ActivityScenario: Activity lifecycle changed event received but ignored because the intent does not match. startActivityIntent=Intent { act=android.intent.action.MAIN cat=[android.intent.category.LAUNCHER] cmp=com.example.dogglers/.MainActivity }, activity.getIntent()=Intent { act=android.intent.action.MAIN cat=[android.intent.category.LAUNCHER] flg=0x10000000 cmp=com.example.dogglers/androidx.test.core.app.InstrumentationActivityInvoker$EmptyActivity }, activity=androidx.test.core.app.InstrumentationActivityInvoker$EmptyActivity@3d894be
09-10 17:39:59.949  8176  8176 D LifecycleMonitor: Lifecycle status change: androidx.test.core.app.InstrumentationActivityInvoker$EmptyActivity@3d894be in: STARTED
09-10 17:39:59.953  8176  8176 V ActivityScenario: Activity lifecycle changed event received but ignored because the intent does not match. startActivityIntent=Intent { act=android.intent.action.MAIN cat=[android.intent.category.LAUNCHER] cmp=com.example.dogglers/.MainActivity }, activity.getIntent()=Intent { act=android.intent.action.MAIN cat=[android.intent.category.LAUNCHER] flg=0x10000000 cmp=com.example.dogglers/androidx.test.core.app.InstrumentationActivityInvoker$EmptyActivity }, activity=androidx.test.core.app.InstrumentationActivityInvoker$EmptyActivity@3d894be
09-10 17:39:59.959  8176  8176 D LifecycleMonitor: Lifecycle status change: androidx.test.core.app.InstrumentationActivityInvoker$EmptyActivity@3d894be in: RESUMED
09-10 17:39:59.965  8176  8176 V ActivityScenario: Activity lifecycle changed event received but ignored because the intent does not match. startActivityIntent=Intent { act=android.intent.action.MAIN cat=[android.intent.category.LAUNCHER] cmp=com.example.dogglers/.MainActivity }, activity.getIntent()=Intent { act=android.intent.action.MAIN cat=[android.intent.category.LAUNCHER] flg=0x10000000 cmp=com.example.dogglers/androidx.test.core.app.InstrumentationActivityInvoker$EmptyActivity }, activity=androidx.test.core.app.InstrumentationActivityInvoker$EmptyActivity@3d894be
09-10 17:40:00.016  1843  2332 I AiAiEcho: Predicting[0]:
09-10 17:40:00.016  1843  2332 I AiAiEcho: EchoTargets:
09-10 17:40:00.016  1843  2332 I AiAiEcho: Filtered by AiAi flag check:
09-10 17:40:00.018  1843  2332 I AiAiEcho: Ranked targets strategy: SORT, count: 0, ranking metadata:
09-10 17:40:00.019  8176  8202 E OpenGLRenderer: Unable to match the desired swap behavior.
09-10 17:40:00.020  1843  2332 I AiAiEcho: #postPredictionTargets: Sending updates to UISurface lockscreen with targets# 0 (types=[])
09-10 17:40:00.039   752   777 I ActivityTaskManager: Displayed com.example.dogglers/androidx.test.core.app.InstrumentationActivityInvoker$EmptyActivity for user 0: +303ms
09-10 17:40:00.076   982   982 W PageIndicator: Total number of pages invalid: 0. Assuming 1 page.
09-10 17:40:00.096   982  1048 D EGL_emulation: app_time_stats: avg=130.62ms min=8.79ms max=1545.48ms count=16
09-10 17:40:00.109  8176  8176 D LifecycleMonitor: Lifecycle status change: androidx.test.core.app.InstrumentationActivityInvoker$EmptyActivity@743f737 in: STOPPED
09-10 17:40:00.111  8176  8176 V ActivityScenario: Activity lifecycle changed event received but ignored because the intent does not match. startActivityIntent=Intent { act=android.intent.action.MAIN cat=[android.intent.category.LAUNCHER] cmp=com.example.dogglers/.MainActivity }, activity.getIntent()=Intent { act=android.intent.action.MAIN cat=[android.intent.category.LAUNCHER] flg=0x10000000 cmp=com.example.dogglers/androidx.test.core.app.InstrumentationActivityInvoker$EmptyActivity }, activity=androidx.test.core.app.InstrumentationActivityInvoker$EmptyActivity@743f737
09-10 17:40:00.117  8176  8176 D LifecycleMonitor: Lifecycle status change: androidx.test.core.app.InstrumentationActivityInvoker$EmptyActivity@743f737 in: DESTROYED
09-10 17:40:00.120   608   608 I BpBinder: onLastStrongRef automatically unlinking death recipients:
09-10 17:40:00.120  8176  8176 V ActivityScenario: Activity lifecycle changed event received but ignored because the intent does not match. startActivityIntent=Intent { act=android.intent.action.MAIN cat=[android.intent.category.LAUNCHER] cmp=com.example.dogglers/.MainActivity }, activity.getIntent()=Intent { act=android.intent.action.MAIN cat=[android.intent.category.LAUNCHER] flg=0x10000000 cmp=com.example.dogglers/androidx.test.core.app.InstrumentationActivityInvoker$EmptyActivity }, activity=androidx.test.core.app.InstrumentationActivityInvoker$EmptyActivity@743f737
09-10 17:40:00.121  8176  8176 W WindowOnBackDispatcher: sendCancelIfRunning: isInProgress=falsecallback=android.view.ViewRootImpl$$ExternalSyntheticLambda17@cfaf710
09-10 17:40:00.130   752  1951 W InputManager-JNI: Input channel object 'b7f825b com.example.dogglers/androidx.test.core.app.InstrumentationActivityInvoker$EmptyActivity (client)' was disposed without first being removed with the input manager!
09-10 17:40:00.149  8176  8176 D LifecycleMonitor: Lifecycle status change: androidx.test.core.app.InstrumentationActivityInvoker$EmptyActivity@3d894be in: PAUSED
09-10 17:40:00.152  8176  8176 V ActivityScenario: Activity lifecycle changed event received but ignored because the intent does not match. startActivityIntent=Intent { act=android.intent.action.MAIN cat=[android.intent.category.LAUNCHER] cmp=com.example.dogglers/.MainActivity }, activity.getIntent()=Intent { act=android.intent.action.MAIN cat=[android.intent.category.LAUNCHER] flg=0x10000000 cmp=com.example.dogglers/androidx.test.core.app.InstrumentationActivityInvoker$EmptyActivity }, activity=androidx.test.core.app.InstrumentationActivityInvoker$EmptyActivity@3d894be
09-10 17:40:00.171  8176  8176 D LifecycleMonitor: Lifecycle status change: com.example.dogglers.HorizontalListActivity@1445c38 in: RESTARTED
09-10 17:40:00.173  8176  8176 V ActivityScenario: Activity lifecycle changed event received but ignored because the intent does not match. startActivityIntent=Intent { act=android.intent.action.MAIN cat=[android.intent.category.LAUNCHER] cmp=com.example.dogglers/.MainActivity }, activity.getIntent()=Intent { cmp=com.example.dogglers/.HorizontalListActivity }, activity=com.example.dogglers.HorizontalListActivity@1445c38
09-10 17:40:00.177  8176  8176 D LifecycleMonitor: Lifecycle status change: com.example.dogglers.HorizontalListActivity@1445c38 in: STARTED
09-10 17:40:00.179  8176  8176 V ActivityScenario: Activity lifecycle changed event received but ignored because the intent does not match. startActivityIntent=Intent { act=android.intent.action.MAIN cat=[android.intent.category.LAUNCHER] cmp=com.example.dogglers/.MainActivity }, activity.getIntent()=Intent { cmp=com.example.dogglers/.HorizontalListActivity }, activity=com.example.dogglers.HorizontalListActivity@1445c38
09-10 17:40:00.182  8176  8176 D LifecycleMonitor: Lifecycle status change: com.example.dogglers.HorizontalListActivity@1445c38 in: RESUMED
09-10 17:40:00.187  8176  8176 V ActivityScenario: Activity lifecycle changed event received but ignored because the intent does not match. startActivityIntent=Intent { act=android.intent.action.MAIN cat=[android.intent.category.LAUNCHER] cmp=com.example.dogglers/.MainActivity }, activity.getIntent()=Intent { cmp=com.example.dogglers/.HorizontalListActivity }, activity=com.example.dogglers.HorizontalListActivity@1445c38
09-10 17:40:00.211  8176  8202 E OpenGLRenderer: Unable to match the desired swap behavior.
09-10 17:40:00.254  8176  8199 I TestRunner: finished: clicking_horizontal_list_button_displays_horizontal_list(com.example.dogglers.ButtonTests)
